[   0.000000] Initializing cgroup subss cpset
[   0.00000] nitializing cgrup susys cp
[   0.00000] nitilizin cgrou subss cpuacc
[   0.000000] Linux versio4..0-164-generic (ilddlgw01amd64-01) (gc versin 5.4. 201060 (Ubntu 54.0-6uuntu~1604.10)) #12-Ubntu MP F Sep 13 12:02:50 UTC 19(Ubunt 4.4.0-164192geneic 44.18)
[   0.00000] Cmmad lie: OOT_MAGE=/boot/vmlinz-4..0-14-geneic root=UUID=cd3cbed-15-4cf9-4ba82273ef69 roconsoe=tt1 cnsole=tyS0
[   0.00000] KERL supprtedcpus
[   0.00000]   ntelGenuinntel
[  0.00000   AMD AuthenticMD
[   0.0000]   entaurCenturHals
[   0.0000] x8/fpu: stat_offset[2]: 576, xstate_sizes[2]:  256
[    .000000] x86/fpu: Supporting XSAVE featurex01: 'x87 floating point registers'
[    0.000000]x86/fpu: Suportig XSAV feature 0x0: 'SE regiters'
[    0.00000] x6/fp: Spportig XSAE feaure x04:'AVX regster'
    0.00000] 6/fpu: Enabled xstate feture 0x7 contex sie is 82 bytes, using 'standard' format.
[    0.000000] e820: BIOS-provided physical RAM map:
[    0.000000] BIOS-e820: [mem 0x0000000000000000-0x000000000009fbff] usable
[    0.000000] BIOS-e820: [mem 0x000000000009fc00-0x000000000009ffff] resered
[   0.0000] BIS-e80: [em x00000000000f000-0x0000000000ffff] reerve
[   0.000000] BIOS-e80: [m 0x0000000000100000-0x000000003ffeffff] usable
[    0.000000] BIOS-e820: [mem 0x000000003fff0000-0x000000003ffffff] CPI ata
[   0000000]BIOSe820 [me 0x0000000ec0000-0x0000000fec0fff]reseved
[  0.000000] BIOS-e82 [em 000000000fee00000-0x0000000fee00ff] esered
[    .000000]BIOSe820: [mem 0x00000000fffc0000-0x00000000ffffffff] reserved
[    .000000 NX (Execut Disble) potecion: ative
[   0.00000SMBIS 5 present.
[    0.000000] Hypervisor detected: KVM
[    0.000000] e820: last_pfn = 0x3fff0 max_arch_pfn = 0x400000000
[    0.000000] MTRR: Disabled
[    0.000000] x86/PAT: MTRR disled, skipping PAT inialzation too.
[    0.000000] CPU MTRRal blank - virtualized system.
[    0.0000] x8/PAT Configuraton [-7]:WB  T  U- UC WB WT U- UC
[    0.000000] found SMP MP-table at [mem 0x0009fff0-0x0009ffff] mapped at [ffff88000009fff0]
[    0.000000] Scanning 1 areas for low meorcorrupion
[   0.00000] RAMDISK: [mem 0x361e4000-0x370e9ff]
[    0.000000] ACPI: Early table checksum verification disabed
[   0.00000]ACPI RSDP x00000000000000 0004 (v2 VBOX )
    0000000] ACPI:XSDT 0x000000003FFF0030 00003C (v01 VBOX   VBOXXT 000001 AS  000006)
[   0.0000] ACPI FAC 0x0000000FFF0F0 000F4(v04VBOX  VBXFAC 000001 ASL  000061
[    0.000000] ACPI: DSDT 0x000000003FFF0470 0021FF (v02 VBOX   VBOXBIOS 00000002 INTL 20100528)
[    0.000000] ACPI: FACS 0x000000003FFF0200 000040
[    0.000000] ACPI: FAS x00000003FF0200 00040
[    0.00000 ACPI:APIC 0x000000003FFF0240 00005C (v02 VBOX  VBXAPI 00000001 ASL  00000061)
[   0.0000] ACPI SSDT0x0000003FFF02A0 0001CC (v01 VBOX   VBOXCPUT 00000002 INTL 20100528)
[    0000000 No NUMcofiuration fund
[   0.00000 Fakig a noe at[memx0000000000-0x000000003ffeffff]
[    0.000000] NODE_DATA(0) allocated [mem 0x3ffeb000-0x3ffeffff]
[    0.000000] kvm-clock: Using msrs 4b564d01 and 4b564d00
[    0.000000] kvm-clock: cpu 0, msr 0:3ffe3001, primary cpu clock
[    0.000000] kvm-clock: using schd offset of 54372958 ycle
[   0.00000 clocsoure: kvm-ock:mask: 0xffffffffffffffff max_cycles: 0x1cd42e4dffb, max_idle_ns: 881590591483 ns
[    0.000000] Zone ranges:
[    0.000000]   DMA      [mem 0x0000000000001000-0x0000000000ffffff]
[    0.000000]   DMA32   mem x0000000000000-0x0000003feffff]
[   0.0000]   ormal   emty
    .00000]   evie   emy
[    0.000000] Movable zone start for each node
[    0.000000] Early memory node ranges
[    00000]   node   0: [mem 0x0000000000001000-0x00000000009eff]
[   0.00000]  node  0: mem 0x00000000001000000x00000003ffffff]
[    0.00000] Intmemsetup ode 0[mem 0000000000001000-0x000000003ffeffff]
    00000]ACP: PM-Timer O Port 04008
[    0.00000] IAPIC0]: api_id , versin 32, ddress 0xfec00000, GSI 0-23
[   0.000000] ACPI: INT_SRC_OVR (bus 0 us_irq global_irq 2 dfl dfl)
[    0.000000] ACPI: INT_SRC_OVR (bus 0us_rq 9globa_irq9 lo levl)
    .00000]Using API (MADT) or SP configuration information
    .00000] mpbot: Alowing 2 CPUs, 0 hotplug CPUs
[    0.00000] PMRegistre nosve memry: [mem x0000000-x0000fff]
[   0.00000] PM: Registred osave memory: [mem 0x000f00-0x0009fff]
[    0.000000] PM: egistered nosave memory: [mem 0x000a0000-0x0efff][   0.00000] PM: egisered osav memry: [em 0x00f00000x000ffff]
[    0.000000] e820: [mem 0x40000000-0xfebfffff] avaiable fr PCIdevies
[    0.000000] Booting paravirtualized kernel on KVM
[   0.0000] clocksource: refined-jiffies: mask: 0xffffffff max_cycles: 0xffffffff, max_idle_ns: 7645519600211568 ns
[    0.000000] setup_percpu: NR_CPUS:512 nr_cpumask_bits:512 nr_cpu_ids:2 nr_node_ids:1
[    0.000000] RCU: Ebedded 34 pages/cpu @ffff88003fc00000 s99544 r8192 d31528 u1048576
[    0.000000] Built 1 zonelists in Node order, mobility grouping on.  Total pages: 257912
[    0.000000] Policy zone: DMA32
[    0.000000] Kernel command line: BOOT_IMAGE=/boot/vmlinuz-4.4.0-164-generic root=UUID=cd3cbe6d-1564-4cf9-a74b-a822273ef6c9 ro console=tty1 console=ttyS0
[    0.000000] PID hash table entries: 4096 (order: 3, 32768 bytes)
[    0.000000] Memory: 997172K/1048120K available (8622K kernel code, 1335K rwdat, 4032K rodat, 148K iit, 284K bss, 50948K reserved, K cm-resrved)
[   0.000000] SLUB: HWalign=64, Order=0-3, MinObects0, CPUs=2, Nodes=1
[    0.00000] Kernl/Usr pae tables isolation: enbled
[    0.000000] Hierarchical RCU implementation.
[   0.000000] 	Build-time adjustment of leaf fanout to 64.
[    0.000000] 	RCU restricting CPUs from NR_CPUS512 to nr_cpu_ids=2.
[    0.000000] RCU: Adjusting geometry for rcu_anou_laf=64, nr_cpu_ids=2
[    0.000000] NR_IRQS:33024 nr_irqs:440 16
[    0.000000] Console: colour VGA+ 80x25
[    0.000000] console [tty1] enabled
[   0.00000 console [ttyS0] enabed
[   0.000000] tsc: Detected 2207.996 MHz processor
[   23.665057] Calibrating delay loop (skipped) preset value.. 4415.99 BogoMIPS (lpj=8831984)
[   23.887007] pid_max: default: 32768 minimum: 301
[   24.010989] ACPI: Core revision 20150930
[   24.052087] ACPI: 2 ACPI AML tables successfully acquired and loaded
[   24.163735] Security Framework initialized
[   24.191335] Yama: becoming mindful.
[   24.248708] AppArmor: AppArmor initialized
[   24.287713] Dentry cache hash table entries: 131072 (order: 8, 1048576 bytes)
[   24.338584] Inode-cache hash table entries: 65536 (order: 7, 524288 bytes)
[   24.360153] Mount-cache hash table entries: 2048 (order: 2, 16384 bytes)
[   24.526605] Mountpoint-cache hash table entries: 2048 (order: 2, 16384 bytes)
[   24.966440] Initializing cgroup subsys io
[   25.051173] Initializing cgroup subsys memory
[   25.146445] Initializing cgroup subsys devices
[   25.160175] Initializing cgroup subsys freezer
[   25.161692] Initializing cgroup subsys net_cls
[   25.183084] Initializing cgroup subsys perf_event
[   25.184644] Initializing cgroup subsys net_prio
[   25.192372] Initializing cgroup subsys hugetlb
[   25.193793] Initializing cgroup subsys pids
[   25.197068] mce: CPU supports 0 MCE banks
[   25.284617] Last level iTLB entries: 4KB 64, 2MB 8, 4MB 8
[   25.361606] Last level dTLB entries: 4KB 64, 2MB 0, 4MB 0, 1GB 4
[   25.363295] Spectre V1 : Mitigation: usercopy/swapgs barriers and __user pointer sanitization
[   25.406782] Spectre V2 : Mitigation: Full generic retpoline
[   25.414996] Spectre V2 : Spectre v2 / SpectreRSB mitigation: Filling RSB on context switch
[   25.443048] Speculative Store Bypass: Vulnerable
[   25.450709] MDS: Vulnerable: Clear CPU buffers attempted, no microcode
[   25.455274] Freeing SMP alternatives memory: 36K
[   25.497933] ftrace: allocating 32318 entries in 127 pages
[   25.598477] smpboot: APIC(0) Converting physical 0 to logical package 0
[   25.720603] smpboot: Max logical packages: 1
[   25.722308] x2apic enabled
[   25.723618] Switched APIC routing to physical x2apic.
[   25.733116] ..TIMER: vector=0x30 apic1=0 pin1=2 apic2=-1 pin2=-1
[   25.843359] smpboot: CPU0: Intel(R) Core(TM) i7-8750H CPU @ 2.20GHz (family: 0x6, model: 0x9e, stepping: 0xa)
[   26.120055] Performance Events: unsupported p6 CPU model 158 no PMU driver, software events only.
[   26.313325] KVM setup paravirtual spinlock
[   26.428991] x86: Booting SMP configuration:
[   26.479766] .... node  #0, CPUs:      #1
[   26.484977] kvm-clock: cpu 1, msr 0:3ffe3041, secondary cpu clock
[   26.493159] mce: CPU supports 0 MCE banks
[   26.496043] x86: Booted up 1 node, 2 CPUs
[   26.537655] smpboot: Total of 2 processors activated (8831.98 BogoMIPS)
[   26.540043] devtmpfs: initialized
[   26.542549] evm: security.selinux
[   26.543666] evm: security.SMACK64
[   26.544848] evm: security.SMACK64EXEC
[   26.546038] evm: security.SMACK64TRANSMUTE
[   26.547333] evm: security.SMACK64MMAP
[   26.548462] evm: security.ima
[   26.549482] evm: security.capability
[   26.551158] clocksource: jiffies: mask: 0xffffffff max_cycles: 0xffffffff, max_idle_ns: 7645041785100000 ns
[   26.607487] futex hash table entries: 512 (order: 3, 32768 bytes)
[   26.719003] pinctrl core: initialized pinctrl subsystem
[   26.872159] RTC time: 19:05:38, date: 09/27/19
[   26.941741] NET: Registered protocol family 16
[   27.057853] cpuidle: using governor ladder
[   27.161228] cpuidle: using governor menu
[   27.188891] PCCT header not found.
[   27.280415] ACPI: bus type PCI registered
[   27.351570] acpiphp: ACPI Hot Plug PCI Controller Driver version: 0.5
[   27.429187] PCI: Using configuration type 1 for base access
[   27.503389] ACPI: Added _OSI(Module Device)
[   27.565793] ACPI: Added _OSI(Processor Device)
[   27.573805] ACPI: Added _OSI(3.0 _SCP Extensions)
[   27.581690] ACPI: Added _OSI(Processor Aggregator Device)
[   27.583870] ACPI: Executed 1 blocks of module-level executable AML code
[   27.601088] ACPI: Interpreter enabled
[   27.631381] ACPI: (supports S0 S5)
[   27.638471] ACPI: Using IOAPIC for interrupt routing
[   27.757360] PCI: Using host bridge windows from ACPI; if necessary, use "pci=nocrs" and report a bug
[   27.911021] ACPI: PCI Root Bridge [PCI0] (domain 0000 [bus 00-ff])
[   27.959516] acpi PNP0A03:00: _OSC: OS supports [ASPM ClockPM Segments MSI]
[   27.983004] acpi PNP0A03:00: _OSC: not requesting OS control; OS requires [ExtendedConfig ASPM ClockPM MSI]
[   28.108250] acpi PNP0A03:00: fail to add MMCONFIG information, can't access extended PCI configuration space under this bridge.
[   28.327758] PCI host bridge to bus 0000:00
[   28.410003] pci_bus 0000:00: root bus resource [io  0x0000-0x0cf7 window]
[   28.549376] pci_bus 0000:00: root bus resource [io  0x0d00-0xffff window]
[   28.625203] pci_bus 0000:00: root bus resource [mem 0x000a0000-0x000bffff window]
[   28.677023] pci_bus 0000:00: root bus resource [mem 0x40000000-0xfdffffff window]
[   28.701392] pci_bus 0000:00: root bus resource [bus 00-ff]
[   28.733040] pci 0000:00:01.1: legacy IDE quirk: reg 0x10: [io  0x01f0-0x01f7]
[   28.811189] pci 0000:00:01.1: legacy IDE quirk: reg 0x14: [io  0x03f6]
[   28.952239] pci 0000:00:01.1: legacy IDE quirk: reg 0x18: [io  0x0170-0x0177]
[   29.112842] pci 0000:00:01.1: legacy IDE quirk: reg 0x1c: [io  0x0376]
[   29.298121] pci 0000:00:07.0: quirk: [io  0x4000-0x403f] claimed by PIIX4 ACPI
[   29.450238] pci 0000:00:07.0: quirk: [io  0x4100-0x410f] claimed by PIIX4 SMB
[   29.620437] ACPI: PCI Interrupt Link [LNKA] (IRQs 5 9 10 *11)
[   29.701268] ACPI: PCI Interrupt Link [LNKB] (IRQs 5 9 *10 11)
[   29.766816] ACPI: PCI Interrupt Link [LNKC] (IRQs 5 *9 10 11)
[   29.768917] ACPI: PCI Interrupt Link [LNKD] (IRQs 5 9 10 *11)
[   29.795841] ACPI: Enabled 2 GPEs in block 00 to 07
[   29.825973] vgaarb: setting as boot device: PCI:0000:00:02.0
[   29.844186] vgaarb: device added: PCI:0000:00:02.0,decodes=io+mem,owns=io+mem,locks=none
[   29.936134] vgaarb: loaded
[   29.965887] vgaarb: bridge control possible 0000:00:02.0
[   30.101105] SCSI subsystem initialized
[   30.176456] ACPI: bus type USB registered
[   30.281661] usbcore: registered new interface driver usbfs
[   30.351420] usbcore: registered new interface driver hub
[   30.451805] usbcore: registered new device driver usb
[   30.603707] PCI: Using ACPI for IRQ routing
[   30.686156] NetLabel: Initializing
[   30.772521] NetLabel:  domain hash size = 128
[   30.881556] NetLabel:  protocols = UNLABELED CIPSOv4
[   30.919815] NetLabel:  unlabeled traffic allowed by default
[   30.921647] amd_nb: Cannot enumerate AMD northbridges
[   31.037316] clocksource: Switched to clocksource kvm-clock
[   3.1598]pprmr: AppArmorFieste Eabed
[ 31441]pn P ACI it
  325544 pp: P AI:fod deics
[   33.562496] clocksource: acpi_pm: mask: 0xffffff max_cycles: 0xffffff, max_idle_ns: 2085701024 ns
[   33.830784] NET: Registered protocol family 2
[   33.944164] TCP established hash table entries: 8192 (order: 4, 65536 bytes)
[   34.053682] TCP bind hash table entries: 8192 (order: 5, 131072 bytes)
[   34.160767] TCP: Hash tables configured (established 8192 bind 8192)
[   34.300892] UDP hash table entries: 512 (order: 2, 16384 bytes)
[   34.430305] UDP-Lite hash table entries: 512 (order: 2, 16384 bytes)
[   34.526918] NET: Registered protocol family 1
[   34.594386] pci 0000:00:00.0: Limiting direct PCI/PCI transfers
[   34.636221] pci 0000:00:01.0: Activating ISA DMA hang workarounds
[   34.650072] Unpacking initramfs...
[   35.253853] Freeing initrd memory: 15384K
[   35.298444] clocksource: tsc: mask: 0xffffffffffffffff max_cycles: 0x1fd3b426a0c, max_idle_ns: 440795203300 ns
[   35.301532] platform rtc_cmos: registered platform RTC device (no PNP device found)
[   35.449666] Scanning for low memory corruption every 60 seconds
[   35.575759] audit: initializing netlink subsys (disabled)
[   35.618597] audit: type=2000 audit(1569611123.546:1): initialized
[   35.714708] Initialise system trusted keyring
[   35.807271] HugeTLB registered 2 MB page size, pre-allocated 0 pages
[   35.816066] zbud: loaded
[   35.817307] VFS: Disk quotas dquot_6.6.0
[   35.818584] VFS: Dquot-cache hash table entries: 512 (order 0, 4096 bytes)
[   35.826293] squashfs: version 4.0 (2009/01/31) Phillip Lougher
[   35.856599] fuse init (API version 7.23)
[   35.858506] Key type big_key registered
[   35.860148] Allocating IMA MOK and blacklist keyrings.
[   35.941295] Key type asymmetric registered
[   36.006781] Asymmetric key parser 'x509' registered
[   36.111473] Block layer SCSI generic (bsg) driver version 0.4 loaded (major 249)
[   36.246189] io scheduler noop registered
[   36.255200] io scheduler deadline registered (default)
[   36.256725] io scheduler cfq registered
[   36.288119] pci_hotplug: PCI Hot Plug PCI Core version: 0.5
[   36.327138] pciehp: PCI Express Hot Plug Controller Driver version: 0.4
[   36.334727] ACPI: AC Adapter [AC] (off-line)
[   36.336136] input: Power Button as /devices/LNXSYSTM:00/LNXPWRBN:00/input/input0
[   36.338544] ACPI: Power Button [PWRF]
[   36.339772] input: Sleep Button as /devices/LNXSYSTM:00/LNXSLPBN:00/input/input1
[   36.342204] ACPI: Sleep Button [SLPF]
[   36.343707] GHES: HEST is not enabled!
[   36.344335] ACPI: Battery Slot [BAT0] (battery present)
[   36.368733] Serial: 8250/16550 driver, 32 ports, IRQ sharing enabled
[   36.398426] 00:02: ttyS0 at I/O 0x3f8 (irq = 4, base_baud = 115200) is a 16550A
[   36.412503] Linux agpgart interface v0.103
[   36.418664] loop: module loaded
[   36.420558] scsi host0: ata_piix
[   36.421990] scsi host1: ata_piix
[   36.423186] ata1: PATA max UDMA/33 cmd 0x1f0 ctl 0x3f6 bmdma 0xd000 irq 14
[   36.425212] ata2: PATA max UDMA/33 cmd 0x170 ctl 0x376 bmdma 0xd008 irq 15
[   36.427328] libphy: Fixed MDIO Bus: probed
[   36.428740] tun: Universal TUN/TAP device driver, 1.6
[   36.540843] tun: (C) 1999-2004 Max Krasnyansky <maxk@qualcomm.com>
[   36.666457] PPP generic driver version 2.4.2
[   36.807382] ehci_hcd: USB 2.0 'Enhanced' Host Controller (EHCI) Driver
[   36.899227] ehci-pci: EHCI PCI platform driver
[   36.931320] ehci-platform: EHCI generic platform driver
[   36.954185] ohci_hcd: USB 1.1 'Open' Host Controller (OHCI) Driver
[   36.994574] ohci-pci: OHCI PCI platform driver
[   37.049172] ohci-platform: OHCI generic platform driver
[   37.109776] uhci_hcd: USB Universal Host Controller Interface driver
[   37.199435] i8042: PNP: PS/2 Controller [PNP0303:PS2K,PNP0f03:PS2M] at 0x60,0x64 irq 1,12
[   37.381362] serio: i8042 KBD port at 0x60,0x64 irq 1
[   37.422145] serio: i8042 AUX port at 0x60,0x64 irq 12
[   37.431591] mousedev: PS/2 mouse device common for all mice
[   37.481656] rtc_cmos rtc_cmos: rtc core: registered rtc_cmos as rtc0
[   37.483538] rtc_cmos rtc_cmos: alarms up to one day, 114 bytes nvram
[   37.485544] input: AT Translated Set 2 keyboard as /devices/platform/i8042/serio0/input/input2
[   37.529510] i2c /dev entries driver
[   37.582951] device-mapper: uevent: version 1.0.3
[   37.649220] device-mapper: ioctl: 4.34.0-ioctl (2015-10-28) initialised: dm-devel@redhat.com
[   37.803440] ledtrig-cpu: registered to indicate activity on CPUs
[   37.865756] NET: Registered protocol family 10
[   37.935987] NET: Registered protocol family 17
[   38.061396] Key type dns_resolver registered
[   38.099596] registered taskstats version 1
[   38.165287] Loading compiled-in X.509 certificates
[   38.249733] Loaded X.509 cert 'Build time autogenerated kernel key: 24ad63d1d4c33254da6414eafe38a3477ac7de99'
[   38.517977] zswap: loaded using pool lzo/zbud
[   38.521145] Key type trusted registered
[   38.525619] Key type encrypted registered
[   38.526881] AppArmor: AppArmor sha1 policy hashing enabled
[   38.569220] ima: No TPM chip found, activating TPM-bypass!
[   38.647374] ima: Allocated hash algorithm: sha1
[   38.692364] evm: HMAC attrs: 0x1
[   38.721627]   Magic number: 3:577:92
[   38.769852]  container: hash matches
[   38.843514] rtc_cmos rtc_cmos: setting system clock to 2019-09-27 19:05:50 UTC (1569611150)
[   38.908635] BIOS EDD facility v0.16 2004-Jun-25, 0 devices found
[   38.960053] EDD information not available.
[   39.031246] Freeing unused kernel memory: 1488K
[   39.093678] Write protecting the kernel read-only data: 14336k
[   39.180360] Freeing unused kernel memory: 1608K
[   39.212282] Freeing unused kernel memory: 64K
Loading, please wait...
starting version[   39.300982] random: systemd-udevd: uninitialized urandom read (16 bytes read, 7 bits of entropy available)
 229
[   39.302424] random: udevadm: uninitialized urandom read (16 bytes read, 7 bits of entropy available)
[   39.302469] random: udevadm: uninitialized urandom read (16 bytes read, 7 bits of entropy available)
[   39.322790] random: udevadm: uninitialized urandom read (16 bytes read, 7 bits of entropy available)
[   39.322936] random: udevadm: uninitialized urandom read (16 bytes read, 7 bits of entropy available)
[   39.323312] random: udevadm: uninitialized urandom read (16 bytes read, 7 bits of entropy available)
[   39.323426] random: udevadm: uninitialized urandom read (16 bytes read, 7 bits of entropy available)
[   39.323543] random: udevadm: uninitialized urandom read (16 bytes read, 7 bits of entropy available)
[   39.323657] random: udevadm: uninitialized urandom read (16 bytes read, 7 bits of entropy available)
[   39.323767] random: udevadm: uninitialized urandom read (16 bytes read, 7 bits of entropy available)
[   40.389169] e1000: Intel(R) PRO/1000 Network Driver - version 7.3.21-k8-NAPI
[   40.467157] e1000: Copyright (c) 1999-2006 Intel Corporation.
[   40.532623] Fusion MPT base driver 3.04.20
[   40.562237] Copyright (c) 1999-2008 LSI Corporation
[   40.602008] AVX2 version of gcm_enc/dec engaged.
[   40.653829] AES CTR mode by8 optimization enabled
[   40.669493] Fusion MPT SPI Host driver 3.04.20
[   40.790410] input: ImExPS/2 Generic Explorer Mouse as /devices/platform/i8042/serio1/input/input4
[   41.110099] e1000 0000:00:03.0 eth0: (PCI:33MHz:32-bit) 02:0d:67:c1:5e:a8
[   41.243460] e1000 0000:00:03.0 eth0: Intel(R) PRO/1000 Network Connection
[   42.335385] e1000 0000:00:08.0 eth1: (PCI:33MHz:32-bit) 08:00:27:a9:8f:e2
[   44.606433] e1000 0000:00:08.0 eth1: Intel(R) PRO/1000 Network Connection
[   44.621079] mptbase: ioc0: Initiating bringup
[   44.622007] e1000 0000:00:08.0 enp0s8: renamed from eth1
[   44.650431] e1000 0000:00:03.0 enp0s3: renamed from eth0
[   44.723209] ioc0: LSI53C1030 A0: Capabilities={Initiator}
[   44.911365] scsi host2: ioc0: LSI53C1030 A0, FwRev=00000000h, Ports=1, MaxQ=256, IRQ=20
[   45.170825] scsi 2:0:0:0: Direct-Access     VBOX     HARDDISK         1.0  PQ: 0 ANSI: 5
[   45.762128] scsi target2:0:0: Beginning Domain Validation
[   45.879505] scsi target2:0:0: Domain Validation skipping write tests
[   46.648221] scsi target2:0:0: Ending Domain Validation
[   46.649983] scsi target2:0:0: asynchronous
[   46.696175] scsi 2:0:1:0: Direct-Access     VBOX     HARDDISK         1.0  PQ: 0 ANSI: 5
[   46.717290] scsi target2:0:1: Beginning Domain Validation
[   46.726736] scsi target2:0:1: Domain Validation skipping write tests
[   46.728665] scsi target2:0:1: Ending Domain Validation
[   46.737066] scsi target2:0:1: asynchronous
[   47.634059] sd 2:0:0:0: [sda] 20971520 512-byte logical blocks: (10.7 GB/10.0 GiB)
[   47.634383] sd 2:0:0:0: Attached scsi generic sg0 type 0
[   47.799009] sd 2:0:1:0: Attached scsi generic sg1 type 0
[   47.800275] sd 2:0:1:0: [sdb] 20480 512-byte logical blocks: (10.5 MB/10.0 MiB)
[   47.800819] sd 2:0:1:0: [sdb] Write Protect is off
[   47.801327] sd 2:0:1:0: [sdb] Incomplete mode parameter data
[   47.801330] sd 2:0:1:0: [sdb] Assuming drive cache: write through
[   47.809234] sd 2:0:1:0: [sdb] Attached SCSI disk
[   48.268654] sd 2:0:0:0: [sda] Write Protect is off
[   48.357001] sd 2:0:0:0: [sda] Incomplete mode parameter data
[   48.373425] sd 2:0:0:0: [sda] Assuming drive cache: write through
[   48.436732]  sda: sda1
[   48.438197] sd 2:0:0:0: [sda] Attached SCSI disk
Begin: Loading e[   50.607711] md: linear personality registered for level -1
ssential drivers[   50.648277] md: multipath personality registered for level -4
 ... [   50.758574] md: raid0 personality registered for level 0
[   50.823096] md: raid1 personality registered for level 1
[   50.993870] raid6: sse2x1   gen()  4448 MB/s
[   51.161387] raid6: sse2x1   xor()  3461 MB/s
[   51.281423] raid6: sse2x2   gen()  5751 MB/s
[   51.469463] raid6: sse2x2   xor()  5299 MB/s
[   51.616871] raid6: sse2x4   gen()  6011 MB/s
[   51.757949] raid6: sse2x4   xor()  9841 MB/s
[   51.945905] raid6: avx2x1   gen()  9109 MB/s
[   52.109487] raid6: avx2x2   gen() 10338 MB/s
[   52.274203] raid6: avx2x4   gen() 11418 MB/s
[   52.351524] raid6: using algorithm avx2x4 gen() 11418 MB/s
[   52.485574] raid6: using avx2x2 recovery algorithm
[   52.504436] xor: automatically using best checksumming function:
[   52.645364]    avx       : 10782.000 MB/sec
[   52.745935] async_tx: api initialized (async)
[   52.793766] md: raid6 personality registered for level 6
[   52.842043] md: raid5 personality registered for level 5
[   52.843655] md: raid4 personality registered for level 4
[   52.851575] md: raid10 personality registered for level 10
done.
Begin: Running /scripts/init-premount ... done.
Begin: Mounting root file system ... Begin: Running /scripts/local-top ... done.
Begin: Running /scripts/local-premount ... [   53.069713] Btrfs loaded
Scanning for Btrfs filesystems
done.
Warning: fsck no[   53.233759] EXT4-fs (sda1): INFO: recovery required on readonly filesystem
t present, so sk[   53.367532] EXT4-fs (sda1): write access will be enabled during recovery
ipping root file system
[   53.663473] EXT4-fs (sda1): recovery complete
[   55.192792] EXT4-fs (sda1): mounted filesystem with ordered data mode. Opts: (null)
done.
[   57.610904] random: nonblocking pool is initialized
Begin: Running /scripts/local-bottom ... done.
Begin: Running /scripts/init-bottom ... done.
[   61.001054] systemd[1]: systemd 229 running in system mode. (+PAM +AUDIT +SELINUX +IMA +APPARMOR +SMACK +SYSVINIT +UTMP +LIBCRYPTSETUP +GCRYPT +GNUTLS +ACL +XZ -LZ4 +SECCOMP +BLKID +ELFUTILS +KMOD -IDN)
[   61.518139] systemd[1]: Detected virtualization oracle.
[   61.573711] systemd[1]: Detected architecture x86-64.

Welcome to [1mUbuntu 16.04.5 LTS[0m!

[  61.71291] ysmd1]Sehotnmetoubtu-xial>.
[   64.8645syted[: Reacd taetUsr nd Gro Nmeoops

[[0;32m  OK  [0m] Reached target User and Group Name Lookups.
[ 659744] ysted[]: isenng o LM2 pl em sck.

[[0;32m  OK  [0m] Listening on LVM2 poll daemon socket.
[   67.061576] systemd[1]: Listening on /dev/initctl Compatibility Named Pipe.
[[0;32m  OK  [0m] Listening on /dev/initctl Compatibility Named Pipe.
[ 67.072795] systemd[1]: Listening on udev Control Socket.
[[0;32m  OK  [0m] Listening on udev Control Socket.
[   67.348897]syted[]: LteinondeKeeloct.
[[0;32m  OK  [0m] Listening on udev Kernel Socket.
[  6.535725 ste[1 Ltenin o Sslg Socket.

[[0;32m  OK  [0m] Listening on Syslog Socket.
[   69.243388] systemd[1]: Listening on Journal Socket.
[[0;32m  OK  [0m] Listening on Journal Socket.
[  9.246870] sysmd]:Cread icUs a Ssin Slice
[[0;32m  OK  [0m] Created slice User and Session Slice.
[ 700645 systed[1]: acedarget Syemime Synchronized.

[[0;32m  OK  [0m] Reached target System Time Synchronized.
[   70.994250] systemd[1]: Listening on Journal Audit Socket.
[[0;32m  OK  [0m] Listening on Journal Audit Socket.
[ 715076] sytemd]:reted icSyte Sic.
[[0;32m  OK  [0m] Created slice System Slice.
[ 719002 syste[1]: eahe tart ic.
[[0;32m  OK  [0m] Reached target Slices.
[  78791 sstmd[1]: Cead ice sysemerial\x2dgetty.sli.

[[0;32m  OK  [0m] Created slice system-serial\x2dgetty.slice.
[   73.934080] systemd[1]: Starting Create list of required static device nodes for the current kernel...
         Starting Create list of required st... nodes for the current kernel...
[   74.187050] systemd[1]: Set up automount Arbitrary Executable File Formats File System Automount Point.
[[0;32m  OK  [0m] Set up automount Arbitrary Executab...ats File System Automount Point.
[   74.337963] systemd[1]: Mounting Debug File System...
         Mounting Debug File System...
[   74.351826] systemd[1]: Listening on LVM2 metadata daemon socket.
[[0;32m  OK  [0m] Listening on LVM2 metadata daemon socket.
[   74.407754] systemd[1]: Started Trigger resolvconf update for networkd DNS.
[[0;32m  OK  [0m] Started Trigger resolvconf update for networkd DNS.
[  7659223] systemd[1 Reached target Swap.

[[0;32m  OK  [0m] Reached target Swap.
[   74.866331] systemd[1]: Starting Nameserver information manager...
         Starting Nameserver information manager...
[   75.102606] systemd[1]: Starting Uncomplicated firewall...
         Starting Uncomplicated firewall...
[   75.135828] systemd[1]: Mounting Huge Pages File System...
         Mounting Huge Pages File System...
[   75.185909] systemd[1]: Starting Remount Root and Kernel File Systems...
         [   75.285124] EXT4-fs (sda1): re-mounted. Opts: (null)
Starting Remount Root and Kernel File Systems...
[   75.458142] systemd[1]: Starting Set console keymap...
         Starting Set console keymap...
[   75.649858] systemd[1]: Reached target cryptd Volumes.

[[0;32m  OK  [0m] Reached target Encrypted Volumes.
[   75.921806] systemd[1]: Mounting POSIX Message Queue File System...
         Mounting POSIX Message Queue File System...
[  7.099] sysmd]:ListinonJornal Sckt delog).

[[0;32m  OK  [0m] Listening on Journal Socket (/dev/log).
[   77.081725] systemd[1]: Starting Journal Service...
         Starting Journal Service...
[  77.2349 sstmd[1]: SaredFoar PassworReess  Wa Decryath.

[[0;32m  OK  [0m] Started Forward Password Requests to Wall Directory Watch.
[  7658712] sysmd1] Lteing oneve-ppr evnt daeonIF.
[[0;32m  OK  [0m] Listening on Device-mapper event daemon FIFOs.
[   79.934085] systemd[1]: Starting Monitoring of LVM2 mirrors, snapshots etc. using dmeventd or progress polling...
         Starting Monitoring of LVM2 mirrors... dmeventd or progress polling...
[   80.092416] systemd[1]: Starting Load Kernel Modules...
         Starting Load Kernel Modules...
[   80.303860] systemd[1]: Mounted POSIX Message Queue File System.
[[0;32m  OK  [0m] Mounted POSIX Message Queue File System.
[   80.358079] systemd[1]: und DeugilSytem.
[[0;32m  OK  [0m] Mounted Debug File System.
[ 80669]sysem[1]: MouedHu Paes Fe ysem
[[0;32m  OK  [0m] Mounted Huge Pages File System.
[ 818925 sstmd[1]: Strt Jural Service.

[[0;32m  OK  [0m] Started Journal Service.
[[0;32m  OK  [0m] Started Create list of required sta...ce nodes for the current kernel.
[[0;32m  OK  [0m] Started Uncomplicated firewall.
[   82.745021] Loading iSCSI transport class v2.0-870.
[[0;32m  OK  [0m] Started Remount Root and Kernel File Systems.
[[0;32m  OK  [0m] Started Set console keymap.
[[0;32m  OK  [0m] Started Nameserver information manager.
[[0;32m  OK  [0m] Started LVM2 metadata daemon.
         Starting Load/Save Random Seed...
[   83.308777] iscsi: registered transport (tcp)
         Starting udev Coldplug all Devices...
         Starting Create Static Device Nodes in /dev...
         Starting Flush Journal to Persistent Storage...
[[0;32m  OK  [0m] Started Load/Save Random Seed.
[   83.726498] systemd-journald[400]: Received request to flush runtime journal from PID 1
[   83.848816] iscsi: registered transport (iser)
[[0;32m  OK  [0m] Started udev Coldplug all Devices.
[[0;32m  OK  [0m] Started Load Kernel Modules.
[[0;32m  OK  [0m] Started Monitoring of LVM2 mirrors,...ng dmeventd or progress polling.
[[0;32m  OK  [0m] Started Create Static Device Nodes in /dev.
[[0;32m  OK  [0m] Started Flush Journal to Persistent Storage.
         Starting udev Kernel Device Manager...
[[0;32m  OK  [0m] Reached target Local File Systems (Pre).
[[0;32m  OK  [0m] Reached target Local File Systems.
         Starting LSB: AppArmor initialization...
         Starting Set console font and keymap...
         Starting Create Volatile Files and Directories...
         Starting Tell Plymouth To Write Out Runtime Data...
         Starting Initial cloud-init job (pre-networking)...
         Starting Apply Kernel Variables...
         Mounting FUSE Control File System...
[[0;32m  OK  [0m] Mounted FUSE Control File System.
[[0;32m  OK  [0m] Started udev Kernel Device Manager.
[[0;32m  OK  [0m] Started Create Volatile Files and Directories.
[[0;32m  OK  [0m] Started Tell Plymouth To Write Out Runtime Data.
[[0;32m  OK  [0m] Started Set console font and keymap.
[[0;32m  OK  [0m] Started Apply Kernel Variables.
[[0;32m  OK  [0m] Found device /dev/ttyS0.
[[0;32m  OK  [0m] Listening on Load/Save RF Kill Switch Status /dev/rfkill Watch.
[[0;32m  OK  [0m] Created slice system-getty.slice.
         Starting Update UTMP about System Boot/Shutdown...
[[0;32m  OK  [0m] Started Dispatch Password Requests to Console Directory Watch.
[[0;32m  OK  [0m] Started LSB: AppArmor initialization.
[[0;32m  OK  [0m] Started Update UTMP about System Boot/Shutdown.
[   59.333618] cloud-init[502]: Cloud-init v. 18.4-0ubuntu1~16.04.2 running 'init-local' at Fri, 27 Sep 2019 19:06:40 +0000. Up 58.28 seconds.
[[0;32m  OK  [0m] Started Initial cloud-init job (pre-networking).
[[0;32m  OK  [0m] Reached target Network (Pre).
[[0;32m  OK  [0m] Started ifup for enp0s3.
         Starting Raise network interfaces...
[[0;32m  OK  [0m] Started ifup for enp0s8.
[[0;32m  OK  [0m] Started Raise network interfaces.
[[0;32m  OK  [0m] Reached target Network.
         Starting Initial cloud-init job (metadata service crawler)...
[   63.455156] cloud-init[1308]: Cloud-init v. 18.4-0ubuntu1~16.04.2 running 'init' at Fri, 27 Sep 2019 19:06:43 +0000. Up 61.96 seconds.
[   63.511393] [cloud-init[0;32m  OK  [0m[1308]: ] ci-info: ++++++++++++++++++++++++++++++++++++++Net device info+++++++++++++++++++++++++++++++++++++++Started Initial cloud-init job (metadata service crawler).

[   63.511940] cloud-init[1308]: ci-info: +--------+------+-----------------------------+---------------+--------+-------------------+
[   63.811327] [cloud-init[0;32m  OK  [0m[1308]: ] ci-info: | Device |  Up  |           Address           |      Mask     | Scope  |     Hw-Address    |Reached target System Initialization.

[   64.073077] [cloud-init[0;32m  OK  [0m[1308]: ] ci-info: +--------+------+-----------------------------+---------------+--------+-------------------+Started Daily apt download activities.

[   64.236781]          cloud-initStarting LXD - unix socket.[1308]: 
ci-info: | enp0s3 | True |          10.0.2.15          | 255.255.255.0 | global | 02:0d:67:c1:5e:a8 |
[   64.318442] [[0;32m  OK  [0m] Listening on D-Bus System Message Bus Socket.
cloud-init[1308]: ci-info: | enp0s3 | True |  fe80::d:67ff:fec1:5ea8/64  |       .       |  link  | 02:0d:67:c1:5e:a8 |
[   64.425022] [[0;32m  OK  [0m] Started Daily Cleanup of Temporary Directories.
         Starting Docker Socket for the API.
cloud-init[1308]: ci-info: | enp0s8 | True |        192.168.33.10        | 255.255.255.0 | global | 08:00:27:a9:8f:e2 |
[   64.617831] [[0;32m  OK  [0m] Started ACPI Events Check.
[[0;32m  OK  [0m] Reached target Paths.
         Starting Socket activation for snappy daemon.
cloud-init[1308]: ci-info: | enp0s8 | True | fe80::a00:27ff:fea9:8fe2/64 |       .       |  link  | 08:00:27:a9:8f:e2 |
[   64.873479] [cloud-init[0;32m  OK  [0m[1308]: ] ci-info: |   lo   | True |          127.0.0.1          |   255.0.0.0   |  host  |         .         |Started Daily apt upgrade and clean activities.

[   64.951629] cloud-init[1308]: ci-info: |   lo   | True |           ::1/128           |       .       |  host  |         .         |
[[0;32m  OK  [0m] Reached target Timers.
[[0;32m  OK  [0m] Listening on UUID daemon activation socket.
[[0;32m  OK  [0m] Listening on ACPID Listen Socket.
[   64.952220] cloud-init[1308]: ci-info: +--------+------+-----------------------------+---------------+--------+-------------------+
[   65.192800] [cloud-init[0;32m  OK  [0m[1308]: ] ci-info: ++++++++++++++++++++++++++++Route IPv4 info++++++++++++++++++++++++++++Reached target Cloud-config availability.

[   65.296213] [cloud-init[0;32m  OK  [0m[1308]: ] ci-info: +-------+--------------+----------+---------------+-----------+-------+Reached target Network is Online.

[   65.340752]          Starting iSCSI initiator daemon (iscsid)...
cloud-init[1308]: ci-info: | Route | Destination  | Gateway  |    Genmask    | Interface | Flags |
[   65.396875] [cloud-init[0;32m  OK  [0m[1308]: ] ci-info: +-------+--------------+----------+---------------+-----------+-------+Listening on LXD - unix socket.

[[0;32m  OK  [0m] Listening on Docker Socket for the API.
[[0;32m  OK  [0m] Listening on Socket activation for snappy daemon.
[   65.397686] cloud-init[1308]: ci-info: |   0   |   0.0.0.0    | 10.0.2.2 |    0.0.0.0    |   enp0s3  |   UG  |
[   65.530676] cloud-init[1308]: ci-info: |   1   |   10.0.2.0   | 0.0.0.0  | 255.255.255.0 |   enp0s3  |   U   |
[   65.538692] cloud-init[1308]: ci-info: |   2   | 192.168.33.0 | 0.0.0.0  | 255.255.255.0 |   enp0s8  |   U   |
[   65.541477] cloud-init[1308]: ci-info: +-------+--------------+----------+---------------+-----------+-------+
[   65.544390] cloud-init[1308]: ci-info: +++++++++++++++++++Route IPv6 info+++++++++++++++++++
[   65.572983] cloud-init[1308]: ci-info: +-------+-------------+---------+-----------+-------+
[   65.666808] cloud-init[1308]: ci-info: | Route | Destination | Gateway | Interface | Flags |
[[0;32m  OK  [0m] Reached target Sockets.
[[0;32m  OK  [0m] Reached target Basic System.
[[0;32m  OK  [0m] Started Unattended Upgrades Shutdown.
[   65.709848] cloud-init[1308]: ci-info: +-------+-------------+---------+-----------+-------+
[   65.818312] cloud-init[1308]: ci-info: |   0   |  fe80::/64  |    ::   |   enp0s8  |   U   |
         Starting Accounts Service...
[   65.867859] cloud-init[1308]: ci-info: |   1   |  fe80::/64  |    ::   |   enp0s3  |   U   |
[   65.876538] cloud-init[1308]: ci-info: |   5   |   ff00::/8  |    ::   |   enp0s8  |   U   |
[   65.906396] [[0;32m  OK  [0m] Started Regular background program processing daemon.
cloud-init[1308]: ci-info: |   6   |   ff00::/8  |    ::   |   enp0s3  |   U   |
[   66.016585]          Starting /etc/rc.local Compatibility...
cloud-init[1308]: ci-info: +-------+-------------+---------+-----------+-------+
         Starting System Logging Service...
         Starting LSB: MD monitoring daemon...
         Starting Virtualbox guest utils...
[[0;32m  OK  [0m] Started FUSE filesystem for LXC.
         Starting Login Service...
         Starting Snappy daemon...
         Starting containerd container runtime...
         Starting LSB: Record successful boot for GRUB...
[[0;32m  OK  [0m] Started ACPI event daemon.
         Starting LXD - container startup/shutdown...
[[0;32m  OK  [0m] Started D-Bus System Message Bus.
         Starting OpenBSD Secure Shell server...
         Starting Ubuntu FAN network setup...
[[0;32m  OK  [0m] Started Deferred execution scheduler.
[[0;32m  OK  [0m] Started System Logging Service.
[[0;32m  OK  [0m] Started iSCSI initiator daemon (iscsid).
[[0;32m  OK  [0m] Started /etc/rc.local Compatibility.
[[0;32m  OK  [0m] Started containerd container runtime.
[[0;32m  OK  [0m] Started Ubuntu FAN network setup.
[[0;32m  OK  [0m] Started Login Service.
         Starting Authenticate and Authorize Users to Run Privileged Tasks...
         Starting Docker Application Container Engine...
         Starting Login to default iSCSI targets...
[[0;32m  OK  [0m] Started LSB: MD monitoring daemon.
[[0;32m  OK  [0m] Started Authenticate and Authorize Users to Run Privileged Tasks.
[[0;32m  OK  [0m] Started Accounts Service.
[[0;32m  OK  [0m] Started Login to default iSCSI targets.
[[0;32m  OK  [0m] Reached target Remote File Systems (Pre).
[[0;32m  OK  [0m] Reached target Remote File Systems.
         Starting Permit User Sessions...
         Starting LSB: Set up cgroupfs mounts....
         Starting LSB: daemon to balance interrupts for SMP systems...
         Starting LSB: automatic crash report generation...
         Starting LSB: Set the CPU Frequency Scaling governor to "ondemand"...
[[0;32m  OK  [0m] Started Virtualbox guest utils.
[[0;32m  OK  [0m] Started LSB: Record successful boot for GRUB.
[[0;32m  OK  [0m] Started Permit User Sessions.
[[0;32m  OK  [0m] Started LSB: Set up cgroupfs mounts..
[[0;32m  OK  [0m] Started OpenBSD Secure Shell server.
         Starting Hold until boot process finishes up...
         Starting Terminate Plymouth Boot Screen...
[[0;32m  OK  [0m] Started LSB: Set the CPU Frequency Scaling governor to "ondemand".
[[0;32m  OK  [0m] Started LSB: automatic crash report generation.
[[0;32m  OK  [0m] Started LSB: daemon to balance interrupts for SMP systems.
[[0;32m  OK  [0m] Started LXD - container startup/shutdown.
[[0;32m  OK  [0m] Started Hold until boot process finishes up.
[[0;32m  OK  [0m] Started Terminate Plymouth Boot Screen.
[[0;32m  OK  [0m] Started Snappy daemon.
         Starting Wait until snapd is fully seeded...
         Starting Set console scheme...
[[0;32m  OK  [0m] Started Getty on tty1.
[[0;32m  OK  [0m] Started Serial Getty on ttyS0.
[[0;32m  OK  [0m] Reached target Login Prompts.
[[0;32m  OK  [0m] Started Wait until snapd is fully seeded.
[[0;32m  OK  [0m] Started Set console scheme.
         Starting Apply the settings specified in cloud-config...
[[0;32m  OK  [0m] Created slice User Slice of vagrant.
         Starting User Manager for UID 1000...
[[0;32m  OK  [0m] Started Session 1 of user vagrant.
[[0;32m  OK  [0m] Started User Manager for UID 1000.
[   71.285740] cloud-init[1572]: Cloud-init v. 18.4-0ubuntu1~16.04.2 running 'modules:config' at Fri, 27 Sep 2019 19:06:52 +0000. Up 70.79 seconds.
[[0;32m  OK  [0m] Started Apply the settings specified in cloud-config.

Ubuntu 16.04.5 LTS ubuntu-xenial ttyS0

ubuntu-xenial login: [   76.265629] cloud-init[1979]: Cloud-init v. 18.4-0ubuntu1~16.04.2 running 'modules:final' at Fri, 27 Sep 2019 19:06:58 +0000. Up 76.07 seconds.
[   76.267887] cloud-init[1979]: Cloud-init v. 18.4-0ubuntu1~16.04.2 finished at Fri, 27 Sep 2019 19:06:58 +0000. Datasource DataSourceNoCloud [seed=/dev/sdb][dsmode=net].  Up 76.25 seconds
